

g VARS_CYCLE 32
g VARS_DEC 8
g VARS_EVENT 32
g VARS_DEC 32
g VARS_DEC 32
g VARS_DEC 16
g VARS_HEX 32
g VARS_DEC 32
g VARS_DEC 32
g VARS_DEC 32





atp VARS_DEC 32
atp VARS_DEC 8
atp VARS_DEC 8
atp VARS_DEC 8
atp VARS_DEC 8
atp VARS_DEC 8
atp VARS_DEC 32
atp VARS_DEC 8
atp VARS_DEC 8
atp VARS_DEC 32
atp VARS_HEX 32
atp VARS_DEC 8
atp VARS_HEX 32
atp VARS_DEC 32
atp VARS_HEX 32
atp VARS_DEC 32
atp VARS_HEX 32
atp VARS_DEC 32
atp VARS_HEX 32
atp VARS_DEC 32
atp VARS_DEC 32
atp VARS_DEC 32
atp VARS_HEX 32
atp VARS_DEC 32
atp VARS_DEC 32
atp VARS_DEC 32
atp VARS_HEX 32
atp VARS_DEC 32
atp VARS_DEC 32
atp VARS_DEC 32
atp VARS_DEC 32
atp ENUM 1
atp ENUM 1
atp ENUM 1
atp ENUM 1
atp ENUM 1
atp ENUM 1
atp ENUM 1
atp VARS_DEC 1
atp VARS_DEC 8
atp VARS_DEC 8
atp VARS_DEC 32
atp VARS_HEX 32
atp VARS_DEC 8
atp VARS_DEC 32
atp VARS_DEC 8
atp VARS_HEX 32
atp VARS_DEC 32
atp VARS_DEC 32
atp VARS_DEC 8
atp VARS_DEC 8
atp VARS_DEC 8
atp VARS_DEC 8
atp VARS_DEC 8
atp VARS_DEC 8
atp VARS_DEC 8
atp VARS_DEC 8
 
 
 
 
 
ats VARS_DEC 32
ats VARS_DEC 32
ats VARS_HEX 32
ats VARS_DEC 8
ats VARS_DEC 8
ats VARS_DEC 8
ats VARS_DEC 8
ats VARS_DEC 8
ats VARS_DEC 8
ats VARS_DEC 8
ats VARS_DEC 8
ats VARS_HEX 48
ats VARS_HEX 32
ats VARS_HEX 32
ats VARS_DEC 8
ats VARS_DEC 32
ats VARS_HEX 32
ats VARS_DEC 8
ats VARS_DEC 32
ats VARS_DEC 32
ats VARS_HEX 32
ats VARS_DEC 32
ats VARS_DEC 8
ats VARS_DEC 8
ats VARS_DEC 8
ats VARS_DEC 8
ats VARS_DEC 8
ats VARS_DEC 8
ats VARS_HEX 32
ats VARS_DEC 8
ats VARS_DEC 8
ats VARS_DEC 32
ats VARS_DEC 32
ats VARS_HEX 8
ats VARS_HEX 32
ats VARS_HEX 32
ats VARS_HEX 8
ats VARS_DEC 8
ats VARS_HEX 8
ats VARS_DEC 8
ats VARS_DEC 8
ats VARS_DEC 8
ats VARS_DEC 8
ats VARS_DEC 8
ats VARS_DEC 8
ats VARS_DEC 8
ats VARS_DEC 8
ats VARS_HEX 8
ats VARS_HEX 8
ats VARS_HEX 8
 
 
 
 
 
opg VARS_HEX 8
opg VARS_DEC 32
opg VARS_DEC 32
opg VARS_DEC 32
opg VARS_DEC 32
opg VARS_HEX 8
opg VARS_DEC 32
opg VARS_DEC 32
opg VARS_DEC 32
opg VARS_DEC 32
opg VARS_HEX 8
opg VARS_DEC 8
opg VARS_DEC 8
opg VARS_DEC 16
opg VARS_LIST 32
opg VARS_DEC 32
opg VARS_DEC 32
opg VARS_DEC 32
opg VARS_DEC 32
 
 
 
 
 
io VARS_HEX 8
io VARS_HEX 8
io VARS_HEX 8
io VARS_HEX 8
io VARS_HEX 8
io VARS_HEX 8
io VARS_HEX 8
io VARS_HEX 8
io VARS_HEX 8
io VARS_HEX 8
io ENUM 1
io ENUM 1
io ENUM 1
io VARS_DEC 1
io ENUM 1
io ENUM 1
io ENUM 1
io VARS_DEC 1
 
 
 
 
 
zc VARS_DEC 32
zc VARS_HEX 32
zc VARS_DEC 32
zc VARS_HEX 32
zc VARS_HEX 160
zc VARS_HEX 240
 
 
 
 
 
pf VARS_HEX 8
pf VARS_HEX 8
pf VARS_HEX 8
pf VARS_HEX 8
pf VARS_HEX 8
pf VARS_HEX 8
pf VARS_DEC 32
pf VARS_HEX 8
pf VARS_DEC 16
pf VARS_DEC 8
pf VARS_HEX 32
pf VARS_HEX 32
pf VARS_HEX 32
pf VARS_HEX 32
pf VARS_HEX 32
pf VARS_HEX 32
pf VARS_HEX 32
pf VARS_HEX 32
pf VARS_HEX 32
pf VARS_HEX 32
pf VARS_HEX 32
pf VARS_HEX 32
pf VARS_HEX 32
pf VARS_HEX 32
pf VARS_HEX 32
pf VARS_HEX 32
pf VARS_HEX 32
pf VARS_HEX 32
pf VARS_HEX 32
pf VARS_HEX 32
pf VARS_DEC 8
pf VARS_HEX 32
pf VARS_HEX 32
pf VARS_HEX 32
pf VARS_HEX 32
pf VARS_HEX 32
pf VARS_HEX 32
pf VARS_HEX 32
pf VARS_HEX 32
pf VARS_HEX 32
pf VARS_HEX 32
 
 
 
 
 
tms VARS_DEC 8
tms VARS_DEC 8
tms VARS_HEX 8
tms VARS_HEX 8
tms VARS_HEX 16
tms VARS_DEC 8
tms VARS_DEC 8
tms VARS_DEC 8
tms VARS_HEX 16
tms VARS_HEX 8
tms VARS_HEX 8
tms VARS_HEX 8
tms VARS_HEX 8
tms VARS_HEX 16
tms VARS_HEX 16
tms VARS_HEX 16
tms VARS_DEC 16
tms VARS_DEC 16
tms VARS_DEC 8
tms VARS_DEC 8
tms VARS_DEC 8
tms VARS_DEC 8
tms VARS_DEC 8
tms VARS_DEC 8
tms VARS_DEC 16
tms VARS_HEX 16
tms VARS_DEC 8
 
 
 
 
 
debug VARS_DEC 32
debug VARS_DEC 32
debug VARS_DEC 32
debug VARS_DEC 32
debug VARS_DEC 16
debug VARS_DEC 32
debug VARS_DEC 32
debug VARS_DEC 16
debug ENUM 1
debug ENUM 1
debug ENUM 1
debug ENUM 1
debug VARS_DEC 4
debug VARS_HEX 32
debug VARS_HEX 32
debug VARS_DEC 32
debug VARS_HEX 32
debug VARS_DEC 8
debug VARS_DEC 8
debug VARS_DEC 8
debug VARS_DEC 8
debug ENUM 8
debug ENUM 8
debug VARS_DEC 8
debug VARS_DEC 32
debug VARS_HEX 32
debug VARS_HEX 16
debug VARS_HEX 16
debug VARS_DEC 8
debug VARS_DEC 8
debug VARS_DEC 8
debug VARS_DEC 8
debug VARS_DEC 8
debug ENUM 8
debug VARS_DEC 8
debug VARS_HEX 8
 
 
 
